.class public auto ansi beforefieldinit AssemblyToProcess.Example
       extends [mscorlib]System.Object
{
  .class auto ansi sealed nested private beforefieldinit '<WithoutConfigureAwait>d__1'
         extends [mscorlib]System.ValueType
         implements [mscorlib]System.Runtime.CompilerServices.IAsyncStateMachine
  {
    .custom instance void [mscorlib]System.Runtime.CompilerServices.CompilerGeneratedAttribute::.ctor() = ( 01 00 00 00 ) 
    .field public int32 '<>1__state'
    .field public valuetype [mscorlib]System.Runtime.CompilerServices.AsyncTaskMethodBuilder '<>t__builder'
    .field public valuetype [mscorlib]System.Runtime.CompilerServices.ConfiguredTaskAwaitable/ConfiguredTaskAwaiter '<>u__$awaiter0'
    .method private hidebysig newslot virtual final 
            instance void  MoveNext() cil managed
    {
      .override [mscorlib]System.Runtime.CompilerServices.IAsyncStateMachine::MoveNext
      // Code size       161 (0xa1)
      .maxstack  3
      .locals init ([0] int32 ,
               [1] valuetype [mscorlib]System.Runtime.CompilerServices.ConfiguredTaskAwaitable/ConfiguredTaskAwaiter V_1,
               [2] valuetype [mscorlib]System.Runtime.CompilerServices.ConfiguredTaskAwaitable V_2,
               [3] class [mscorlib]System.Exception V_3)
      .language '{3F5162F8-07C6-11D3-9053-00C04FA302A1}', '{994B45C4-E6E9-11D2-903F-00C04FA302A1}', '{5A869D0B-6611-11D3-BD2A-0000F80849BD}'
      .line 16707566,16707566 : 0,0 'D:\\src\\fody\\ConfigureAwait\\src\\AssemblyToProcess\\Example.cs'
      IL_0000:  ldarg.0
      IL_0001:  ldfld      int32 AssemblyToProcess.Example/'<WithoutConfigureAwait>d__1'::'<>1__state'
      IL_0006:  stloc.0
      .line 16707566,16707566 : 0,0 ''
      .try
      {
        IL_0007:  ldloc.0
        IL_0008:  brfalse.s  IL_0049
        .line 13,13 : 13,34 ''
        IL_000a:  ldc.i4.s   10
        IL_000c:  call       class [mscorlib]System.Threading.Tasks.Task [mscorlib]System.Threading.Tasks.Task::Delay(int32)
        IL_0011:  ldc.i4.0
        IL_0012:  callvirt   instance valuetype [mscorlib]System.Runtime.CompilerServices.ConfiguredTaskAwaitable [mscorlib]System.Threading.Tasks.Task::ConfigureAwait(bool)
        IL_0017:  stloc.2
        IL_0018:  ldloca.s   V_2
        IL_001a:  call       instance valuetype [mscorlib]System.Runtime.CompilerServices.ConfiguredTaskAwaitable/ConfiguredTaskAwaiter [mscorlib]System.Runtime.CompilerServices.ConfiguredTaskAwaitable::GetAwaiter()
        IL_001f:  stloc.1
        IL_0020:  ldloca.s   V_1
        IL_0022:  call       instance bool [mscorlib]System.Runtime.CompilerServices.ConfiguredTaskAwaitable/ConfiguredTaskAwaiter::get_IsCompleted()
        IL_0027:  brtrue.s   IL_0065
        IL_0029:  ldarg.0
        IL_002a:  ldc.i4.0
        IL_002b:  dup
        IL_002c:  stloc.0
        IL_002d:  stfld      int32 AssemblyToProcess.Example/'<WithoutConfigureAwait>d__1'::'<>1__state'
        IL_0032:  ldarg.0
        IL_0033:  ldloc.1
        IL_0034:  stfld      valuetype [mscorlib]System.Runtime.CompilerServices.ConfiguredTaskAwaitable/ConfiguredTaskAwaiter AssemblyToProcess.Example/'<WithoutConfigureAwait>d__1'::'<>u__$awaiter0'
        IL_0039:  ldarg.0
        IL_003a:  ldflda     valuetype [mscorlib]System.Runtime.CompilerServices.AsyncTaskMethodBuilder AssemblyToProcess.Example/'<WithoutConfigureAwait>d__1'::'<>t__builder'
        IL_003f:  ldloca.s   V_1
        IL_0041:  ldarg.0
        IL_0042:  call       instance void [mscorlib]System.Runtime.CompilerServices.AsyncTaskMethodBuilder::AwaitUnsafeOnCompleted<valuetype [mscorlib]System.Runtime.CompilerServices.ConfiguredTaskAwaitable/ConfiguredTaskAwaiter,valuetype AssemblyToProcess.Example/'<WithoutConfigureAwait>d__1'>(!!0&,
                                                                                                                                                                                                                                                                                                         !!1&)
        IL_0047:  leave.s    IL_00a0
        IL_0049:  ldarg.0
        IL_004a:  ldfld      valuetype [mscorlib]System.Runtime.CompilerServices.ConfiguredTaskAwaitable/ConfiguredTaskAwaiter AssemblyToProcess.Example/'<WithoutConfigureAwait>d__1'::'<>u__$awaiter0'
        IL_004f:  stloc.1
        IL_0050:  ldarg.0
        IL_0051:  ldflda     valuetype [mscorlib]System.Runtime.CompilerServices.ConfiguredTaskAwaitable/ConfiguredTaskAwaiter AssemblyToProcess.Example/'<WithoutConfigureAwait>d__1'::'<>u__$awaiter0'
        IL_0056:  initobj    [mscorlib]System.Runtime.CompilerServices.ConfiguredTaskAwaitable/ConfiguredTaskAwaiter
        IL_005c:  ldarg.0
        IL_005d:  ldc.i4.m1
        IL_005e:  dup
        IL_005f:  stloc.0
        IL_0060:  stfld      int32 AssemblyToProcess.Example/'<WithoutConfigureAwait>d__1'::'<>1__state'
        IL_0065:  ldloca.s   V_1
        IL_0067:  call       instance void [mscorlib]System.Runtime.CompilerServices.ConfiguredTaskAwaitable/ConfiguredTaskAwaiter::GetResult()
        IL_006c:  ldloca.s   V_1
        IL_006e:  initobj    [mscorlib]System.Runtime.CompilerServices.ConfiguredTaskAwaitable/ConfiguredTaskAwaiter
        IL_0074:  leave.s    IL_008d
        .line 16707566,16707566 : 0,0 ''
      }  // end .try
      catch [mscorlib]System.Exception 
      {
        IL_0076:  stloc.3
        IL_0077:  ldarg.0
        IL_0078:  ldc.i4.s   -2
        IL_007a:  stfld      int32 AssemblyToProcess.Example/'<WithoutConfigureAwait>d__1'::'<>1__state'
        IL_007f:  ldarg.0
        IL_0080:  ldflda     valuetype [mscorlib]System.Runtime.CompilerServices.AsyncTaskMethodBuilder AssemblyToProcess.Example/'<WithoutConfigureAwait>d__1'::'<>t__builder'
        IL_0085:  ldloc.3
        IL_0086:  call       instance void [mscorlib]System.Runtime.CompilerServices.AsyncTaskMethodBuilder::SetException(class [mscorlib]System.Exception)
        IL_008b:  leave.s    IL_00a0
        .line 14,14 : 9,10 ''
      }  // end handler
      IL_008d:  ldarg.0
      IL_008e:  ldc.i4.s   -2
      IL_0090:  stfld      int32 AssemblyToProcess.Example/'<WithoutConfigureAwait>d__1'::'<>1__state'
      .line 16707566,16707566 : 0,0 ''
      IL_0095:  ldarg.0
      IL_0096:  ldflda     valuetype [mscorlib]System.Runtime.CompilerServices.AsyncTaskMethodBuilder AssemblyToProcess.Example/'<WithoutConfigureAwait>d__1'::'<>t__builder'
      IL_009b:  call       instance void [mscorlib]System.Runtime.CompilerServices.AsyncTaskMethodBuilder::SetResult()
      IL_00a0:  ret
    } // end of method '<WithoutConfigureAwait>d__1'::MoveNext
    .method private hidebysig newslot virtual final 
            instance void  SetStateMachine(class [mscorlib]System.Runtime.CompilerServices.IAsyncStateMachine stateMachine) cil managed
    {
      .custom instance void [mscorlib]System.Diagnostics.DebuggerHiddenAttribute::.ctor() = ( 01 00 00 00 ) 
      .override [mscorlib]System.Runtime.CompilerServices.IAsyncStateMachine::SetStateMachine
      // Code size       13 (0xd)
      .maxstack  8
      IL_0000:  ldarg.0
      IL_0001:  ldflda     valuetype [mscorlib]System.Runtime.CompilerServices.AsyncTaskMethodBuilder AssemblyToProcess.Example/'<WithoutConfigureAwait>d__1'::'<>t__builder'
      IL_0006:  ldarg.1
      IL_0007:  call       instance void [mscorlib]System.Runtime.CompilerServices.AsyncTaskMethodBuilder::SetStateMachine(class [mscorlib]System.Runtime.CompilerServices.IAsyncStateMachine)
      IL_000c:  ret
    } // end of method '<WithoutConfigureAwait>d__1'::SetStateMachine
  } // end of class '<WithoutConfigureAwait>d__1'
  .class auto ansi sealed nested private beforefieldinit '<WithConfigureAwait>d__1'
         extends [mscorlib]System.ValueType
         implements [mscorlib]System.Runtime.CompilerServices.IAsyncStateMachine
  {
    .custom instance void [mscorlib]System.Runtime.CompilerServices.CompilerGeneratedAttribute::.ctor() = ( 01 00 00 00 ) 
    .field public int32 '<>1__state'
    .field public valuetype [mscorlib]System.Runtime.CompilerServices.AsyncTaskMethodBuilder '<>t__builder'
    .field public valuetype [mscorlib]System.Runtime.CompilerServices.ConfiguredTaskAwaitable/ConfiguredTaskAwaiter '<>u__$awaiter1'
    .method private hidebysig newslot virtual final 
            instance void  MoveNext() cil managed
    {
      .override [mscorlib]System.Runtime.CompilerServices.IAsyncStateMachine::MoveNext
      // Code size       161 (0xa1)
      .maxstack  3
      .locals init ([0] int32 ,
               [1] valuetype [mscorlib]System.Runtime.CompilerServices.ConfiguredTaskAwaitable/ConfiguredTaskAwaiter V_1,
               [2] valuetype [mscorlib]System.Runtime.CompilerServices.ConfiguredTaskAwaitable V_2,
               [3] class [mscorlib]System.Exception V_3)
      .line 16707566,16707566 : 0,0 ''
      IL_0000:  ldarg.0
      IL_0001:  ldfld      int32 AssemblyToProcess.Example/'<WithConfigureAwait>d__1'::'<>1__state'
      IL_0006:  stloc.0
      .line 16707566,16707566 : 0,0 ''
      .try
      {
        IL_0007:  ldloc.0
        IL_0008:  brfalse.s  IL_0049
        .line 18,18 : 13,56 ''
        IL_000a:  ldc.i4.s   10
        IL_000c:  call       class [mscorlib]System.Threading.Tasks.Task [mscorlib]System.Threading.Tasks.Task::Delay(int32)
        IL_0011:  ldc.i4.0
        IL_0012:  callvirt   instance valuetype [mscorlib]System.Runtime.CompilerServices.ConfiguredTaskAwaitable [mscorlib]System.Threading.Tasks.Task::ConfigureAwait(bool)
        IL_0017:  stloc.2
        IL_0018:  ldloca.s   V_2
        IL_001a:  call       instance valuetype [mscorlib]System.Runtime.CompilerServices.ConfiguredTaskAwaitable/ConfiguredTaskAwaiter [mscorlib]System.Runtime.CompilerServices.ConfiguredTaskAwaitable::GetAwaiter()
        IL_001f:  stloc.1
        IL_0020:  ldloca.s   V_1
        IL_0022:  call       instance bool [mscorlib]System.Runtime.CompilerServices.ConfiguredTaskAwaitable/ConfiguredTaskAwaiter::get_IsCompleted()
        IL_0027:  brtrue.s   IL_0065
        IL_0029:  ldarg.0
        IL_002a:  ldc.i4.0
        IL_002b:  dup
        IL_002c:  stloc.0
        IL_002d:  stfld      int32 AssemblyToProcess.Example/'<WithConfigureAwait>d__1'::'<>1__state'
        IL_0032:  ldarg.0
        IL_0033:  ldloc.1
        IL_0034:  stfld      valuetype [mscorlib]System.Runtime.CompilerServices.ConfiguredTaskAwaitable/ConfiguredTaskAwaiter AssemblyToProcess.Example/'<WithConfigureAwait>d__1'::'<>u__$awaiter1'
        IL_0039:  ldarg.0
        IL_003a:  ldflda     valuetype [mscorlib]System.Runtime.CompilerServices.AsyncTaskMethodBuilder AssemblyToProcess.Example/'<WithConfigureAwait>d__1'::'<>t__builder'
        IL_003f:  ldloca.s   V_1
        IL_0041:  ldarg.0
        IL_0042:  call       instance void [mscorlib]System.Runtime.CompilerServices.AsyncTaskMethodBuilder::AwaitUnsafeOnCompleted<valuetype [mscorlib]System.Runtime.CompilerServices.ConfiguredTaskAwaitable/ConfiguredTaskAwaiter,valuetype AssemblyToProcess.Example/'<WithConfigureAwait>d__1'>(!!0&,
                                                                                                                                                                                                                                                                                                      !!1&)
        IL_0047:  leave.s    IL_00a0
        IL_0049:  ldarg.0
        IL_004a:  ldfld      valuetype [mscorlib]System.Runtime.CompilerServices.ConfiguredTaskAwaitable/ConfiguredTaskAwaiter AssemblyToProcess.Example/'<WithConfigureAwait>d__1'::'<>u__$awaiter1'
        IL_004f:  stloc.1
        IL_0050:  ldarg.0
        IL_0051:  ldflda     valuetype [mscorlib]System.Runtime.CompilerServices.ConfiguredTaskAwaitable/ConfiguredTaskAwaiter AssemblyToProcess.Example/'<WithConfigureAwait>d__1'::'<>u__$awaiter1'
        IL_0056:  initobj    [mscorlib]System.Runtime.CompilerServices.ConfiguredTaskAwaitable/ConfiguredTaskAwaiter
        IL_005c:  ldarg.0
        IL_005d:  ldc.i4.m1
        IL_005e:  dup
        IL_005f:  stloc.0
        IL_0060:  stfld      int32 AssemblyToProcess.Example/'<WithConfigureAwait>d__1'::'<>1__state'
        IL_0065:  ldloca.s   V_1
        IL_0067:  call       instance void [mscorlib]System.Runtime.CompilerServices.ConfiguredTaskAwaitable/ConfiguredTaskAwaiter::GetResult()
        IL_006c:  ldloca.s   V_1
        IL_006e:  initobj    [mscorlib]System.Runtime.CompilerServices.ConfiguredTaskAwaitable/ConfiguredTaskAwaiter
        IL_0074:  leave.s    IL_008d
        .line 16707566,16707566 : 0,0 ''
      }  // end .try
      catch [mscorlib]System.Exception 
      {
        IL_0076:  stloc.3
        IL_0077:  ldarg.0
        IL_0078:  ldc.i4.s   -2
        IL_007a:  stfld      int32 AssemblyToProcess.Example/'<WithConfigureAwait>d__1'::'<>1__state'
        IL_007f:  ldarg.0
        IL_0080:  ldflda     valuetype [mscorlib]System.Runtime.CompilerServices.AsyncTaskMethodBuilder AssemblyToProcess.Example/'<WithConfigureAwait>d__1'::'<>t__builder'
        IL_0085:  ldloc.3
        IL_0086:  call       instance void [mscorlib]System.Runtime.CompilerServices.AsyncTaskMethodBuilder::SetException(class [mscorlib]System.Exception)
        IL_008b:  leave.s    IL_00a0
        .line 19,19 : 9,10 ''
      }  // end handler
      IL_008d:  ldarg.0
      IL_008e:  ldc.i4.s   -2
      IL_0090:  stfld      int32 AssemblyToProcess.Example/'<WithConfigureAwait>d__1'::'<>1__state'
      .line 16707566,16707566 : 0,0 ''
      IL_0095:  ldarg.0
      IL_0096:  ldflda     valuetype [mscorlib]System.Runtime.CompilerServices.AsyncTaskMethodBuilder AssemblyToProcess.Example/'<WithConfigureAwait>d__1'::'<>t__builder'
      IL_009b:  call       instance void [mscorlib]System.Runtime.CompilerServices.AsyncTaskMethodBuilder::SetResult()
      IL_00a0:  ret
    } // end of method '<WithConfigureAwait>d__1'::MoveNext
    .method private hidebysig newslot virtual final 
            instance void  SetStateMachine(class [mscorlib]System.Runtime.CompilerServices.IAsyncStateMachine stateMachine) cil managed
    {
      .custom instance void [mscorlib]System.Diagnostics.DebuggerHiddenAttribute::.ctor() = ( 01 00 00 00 ) 
      .override [mscorlib]System.Runtime.CompilerServices.IAsyncStateMachine::SetStateMachine
      // Code size       13 (0xd)
      .maxstack  8
      IL_0000:  ldarg.0
      IL_0001:  ldflda     valuetype [mscorlib]System.Runtime.CompilerServices.AsyncTaskMethodBuilder AssemblyToProcess.Example/'<WithConfigureAwait>d__1'::'<>t__builder'
      IL_0006:  ldarg.1
      IL_0007:  call       instance void [mscorlib]System.Runtime.CompilerServices.AsyncTaskMethodBuilder::SetStateMachine(class [mscorlib]System.Runtime.CompilerServices.IAsyncStateMachine)
      IL_000c:  ret
    } // end of method '<WithConfigureAwait>d__1'::SetStateMachine
  } // end of class '<WithConfigureAwait>d__1'
  .method public hidebysig instance class [mscorlib]System.Threading.Tasks.Task 
          WithoutConfigureAwait() cil managed
  {
    .custom instance void [mscorlib]System.Runtime.CompilerServices.AsyncStateMachineAttribute::.ctor(class [mscorlib]System.Type) = ( 01 00 35 41 73 73 65 6D 62 6C 79 54 6F 50 72 6F   // ..5AssemblyToPro
                                                                                                                                       63 65 73 73 2E 45 78 61 6D 70 6C 65 2B 3C 57 69   // cess.Example+<Wi
                                                                                                                                       74 68 6F 75 74 43 6F 6E 66 69 67 75 72 65 41 77   // thoutConfigureAw
                                                                                                                                       61 69 74 3E 64 5F 5F 31 00 00 )                   // ait>d__1..
    .custom instance void [mscorlib]System.Diagnostics.DebuggerStepThroughAttribute::.ctor() = ( 01 00 00 00 ) 
    // Code size       49 (0x31)
    .maxstack  2
    .locals init (valuetype AssemblyToProcess.Example/'<WithoutConfigureAwait>d__1' V_0,
             valuetype [mscorlib]System.Runtime.CompilerServices.AsyncTaskMethodBuilder V_1)
    IL_0000:  ldloca.s   V_0
    IL_0002:  call       valuetype [mscorlib]System.Runtime.CompilerServices.AsyncTaskMethodBuilder [mscorlib]System.Runtime.CompilerServices.AsyncTaskMethodBuilder::Create()
    IL_0007:  stfld      valuetype [mscorlib]System.Runtime.CompilerServices.AsyncTaskMethodBuilder AssemblyToProcess.Example/'<WithoutConfigureAwait>d__1'::'<>t__builder'
    IL_000c:  ldloca.s   V_0
    IL_000e:  ldc.i4.m1
    IL_000f:  stfld      int32 AssemblyToProcess.Example/'<WithoutConfigureAwait>d__1'::'<>1__state'
    IL_0014:  ldloc.0
    IL_0015:  ldfld      valuetype [mscorlib]System.Runtime.CompilerServices.AsyncTaskMethodBuilder AssemblyToProcess.Example/'<WithoutConfigureAwait>d__1'::'<>t__builder'
    IL_001a:  stloc.1
    IL_001b:  ldloca.s   V_1
    IL_001d:  ldloca.s   V_0
    IL_001f:  call       instance void [mscorlib]System.Runtime.CompilerServices.AsyncTaskMethodBuilder::Start<valuetype AssemblyToProcess.Example/'<WithoutConfigureAwait>d__1'>(!!0&)
    IL_0024:  ldloca.s   V_0
    IL_0026:  ldflda     valuetype [mscorlib]System.Runtime.CompilerServices.AsyncTaskMethodBuilder AssemblyToProcess.Example/'<WithoutConfigureAwait>d__1'::'<>t__builder'
    IL_002b:  call       instance class [mscorlib]System.Threading.Tasks.Task [mscorlib]System.Runtime.CompilerServices.AsyncTaskMethodBuilder::get_Task()
    IL_0030:  ret
  } // end of method Example::WithoutConfigureAwait
  .method public hidebysig instance class [mscorlib]System.Threading.Tasks.Task 
          WithConfigureAwait() cil managed
  {
    .custom instance void [mscorlib]System.Diagnostics.DebuggerStepThroughAttribute::.ctor() = ( 01 00 00 00 ) 
    .custom instance void [mscorlib]System.Runtime.CompilerServices.AsyncStateMachineAttribute::.ctor(class [mscorlib]System.Type) = ( 01 00 32 41 73 73 65 6D 62 6C 79 54 6F 50 72 6F   // ..2AssemblyToPro
                                                                                                                                       63 65 73 73 2E 45 78 61 6D 70 6C 65 2B 3C 57 69   // cess.Example+<Wi
                                                                                                                                       74 68 43 6F 6E 66 69 67 75 72 65 41 77 61 69 74   // thConfigureAwait
                                                                                                                                       3E 64 5F 5F 31 00 00 )                            // >d__1..
    // Code size       49 (0x31)
    .maxstack  2
    .locals init (valuetype AssemblyToProcess.Example/'<WithConfigureAwait>d__1' V_0,
             valuetype [mscorlib]System.Runtime.CompilerServices.AsyncTaskMethodBuilder V_1)
    IL_0000:  ldloca.s   V_0
    IL_0002:  call       valuetype [mscorlib]System.Runtime.CompilerServices.AsyncTaskMethodBuilder [mscorlib]System.Runtime.CompilerServices.AsyncTaskMethodBuilder::Create()
    IL_0007:  stfld      valuetype [mscorlib]System.Runtime.CompilerServices.AsyncTaskMethodBuilder AssemblyToProcess.Example/'<WithConfigureAwait>d__1'::'<>t__builder'
    IL_000c:  ldloca.s   V_0
    IL_000e:  ldc.i4.m1
    IL_000f:  stfld      int32 AssemblyToProcess.Example/'<WithConfigureAwait>d__1'::'<>1__state'
    IL_0014:  ldloc.0
    IL_0015:  ldfld      valuetype [mscorlib]System.Runtime.CompilerServices.AsyncTaskMethodBuilder AssemblyToProcess.Example/'<WithConfigureAwait>d__1'::'<>t__builder'
    IL_001a:  stloc.1
    IL_001b:  ldloca.s   V_1
    IL_001d:  ldloca.s   V_0
    IL_001f:  call       instance void [mscorlib]System.Runtime.CompilerServices.AsyncTaskMethodBuilder::Start<valuetype AssemblyToProcess.Example/'<WithConfigureAwait>d__1'>(!!0&)
    IL_0024:  ldloca.s   V_0
    IL_0026:  ldflda     valuetype [mscorlib]System.Runtime.CompilerServices.AsyncTaskMethodBuilder AssemblyToProcess.Example/'<WithConfigureAwait>d__1'::'<>t__builder'
    IL_002b:  call       instance class [mscorlib]System.Threading.Tasks.Task [mscorlib]System.Runtime.CompilerServices.AsyncTaskMethodBuilder::get_Task()
    IL_0030:  ret
  } // end of method Example::WithConfigureAwait
  .method public hidebysig specialname rtspecialname 
          instance void  .ctor() cil managed
  {
    // Code size       7 (0x7)
    .maxstack  8
    IL_0000:  ldarg.0
    IL_0001:  call       instance void [mscorlib]System.Object::.ctor()
    IL_0006:  ret
  } // end of method Example::.ctor
} // end of class AssemblyToProcess.Example