.class public auto ansi beforefieldinit AssemblyToProcess.Example
       extends [mscorlib]System.Object
{
  .class auto ansi sealed nested private beforefieldinit '<WithoutConfigureAwait>d__1'
         extends [mscorlib]System.Object
         implements [mscorlib]System.Runtime.CompilerServices.IAsyncStateMachine
  {
    .custom instance void [mscorlib]System.Runtime.CompilerServices.CompilerGeneratedAttribute::.ctor() = ( 01 00 00 00 ) 
    .field public int32 '<>1__state'
    .field public valuetype [mscorlib]System.Runtime.CompilerServices.AsyncTaskMethodBuilder '<>t__builder'
    .field public valuetype [mscorlib]System.Runtime.CompilerServices.ConfiguredTaskAwaitable/ConfiguredTaskAwaiter '<>u__$awaiter0'
    .method public hidebysig specialname rtspecialname 
            instance void  .ctor() cil managed
    {
      // Code size       8 (0x8)
      .maxstack  8
      IL_0000:  ldarg.0
      IL_0001:  call       instance void [mscorlib]System.Object::.ctor()
      IL_0006:  nop
      IL_0007:  ret
    } // end of method '<WithoutConfigureAwait>d__1'::.ctor
    .method private hidebysig newslot virtual final 
            instance void  MoveNext() cil managed
    {
      .override [mscorlib]System.Runtime.CompilerServices.IAsyncStateMachine::MoveNext
      // Code size       176 (0xb0)
      .maxstack  3
      .locals init ([0] int32 ,
               [1] valuetype [mscorlib]System.Runtime.CompilerServices.ConfiguredTaskAwaitable/ConfiguredTaskAwaiter V_1,
               [2] valuetype [mscorlib]System.Runtime.CompilerServices.ConfiguredTaskAwaitable V_2,
               [3] class AssemblyToProcess.Example/'<WithoutConfigureAwait>d__1' V_3,
               [4] class [mscorlib]System.Exception V_4)
      .language '{3F5162F8-07C6-11D3-9053-00C04FA302A1}', '{994B45C4-E6E9-11D2-903F-00C04FA302A1}', '{5A869D0B-6611-11D3-BD2A-0000F80849BD}'
      .line 16707566,16707566 : 0,0 'D:\\src\\fody\\ConfigureAwait\\src\\AssemblyToProcess\\Example.cs'
      IL_0000:  ldarg.0
      IL_0001:  ldfld      int32 AssemblyToProcess.Example/'<WithoutConfigureAwait>d__1'::'<>1__state'
      IL_0006:  stloc.0
      .line 16707566,16707566 : 0,0 ''
      .try
      {
        IL_0007:  ldloc.0
        IL_0008:  brfalse.s  IL_000c
        IL_000a:  br.s       IL_000e
        IL_000c:  br.s       IL_0052
        .line 12,12 : 9,10 ''
        IL_000e:  nop
        .line 13,13 : 13,34 ''
        IL_000f:  ldc.i4.s   10
        IL_0011:  call       class [mscorlib]System.Threading.Tasks.Task [mscorlib]System.Threading.Tasks.Task::Delay(int32)
        IL_0016:  ldc.i4.0
        IL_0017:  callvirt   instance valuetype [mscorlib]System.Runtime.CompilerServices.ConfiguredTaskAwaitable [mscorlib]System.Threading.Tasks.Task::ConfigureAwait(bool)
        IL_001c:  stloc.2
        IL_001d:  ldloca.s   V_2
        IL_001f:  call       instance valuetype [mscorlib]System.Runtime.CompilerServices.ConfiguredTaskAwaitable/ConfiguredTaskAwaiter [mscorlib]System.Runtime.CompilerServices.ConfiguredTaskAwaitable::GetAwaiter()
        IL_0024:  stloc.1
        IL_0025:  ldloca.s   V_1
        IL_0027:  call       instance bool [mscorlib]System.Runtime.CompilerServices.ConfiguredTaskAwaitable/ConfiguredTaskAwaiter::get_IsCompleted()
        IL_002c:  brtrue.s   IL_006e
        IL_002e:  ldarg.0
        IL_002f:  ldc.i4.0
        IL_0030:  dup
        IL_0031:  stloc.0
        IL_0032:  stfld      int32 AssemblyToProcess.Example/'<WithoutConfigureAwait>d__1'::'<>1__state'
        IL_0037:  ldarg.0
        IL_0038:  ldloc.1
        IL_0039:  stfld      valuetype [mscorlib]System.Runtime.CompilerServices.ConfiguredTaskAwaitable/ConfiguredTaskAwaiter AssemblyToProcess.Example/'<WithoutConfigureAwait>d__1'::'<>u__$awaiter0'
        IL_003e:  ldarg.0
        IL_003f:  stloc.3
        IL_0040:  ldarg.0
        IL_0041:  ldflda     valuetype [mscorlib]System.Runtime.CompilerServices.AsyncTaskMethodBuilder AssemblyToProcess.Example/'<WithoutConfigureAwait>d__1'::'<>t__builder'
        IL_0046:  ldloca.s   V_1
        IL_0048:  ldloca.s   V_3
        IL_004a:  call       instance void [mscorlib]System.Runtime.CompilerServices.AsyncTaskMethodBuilder::AwaitUnsafeOnCompleted<valuetype [mscorlib]System.Runtime.CompilerServices.ConfiguredTaskAwaitable/ConfiguredTaskAwaiter,class AssemblyToProcess.Example/'<WithoutConfigureAwait>d__1'>(!!0&,
                                                                                                                                                                                                                                                                                                     !!1&)
        IL_004f:  nop
        IL_0050:  leave.s    IL_00af
        IL_0052:  ldarg.0
        IL_0053:  ldfld      valuetype [mscorlib]System.Runtime.CompilerServices.ConfiguredTaskAwaitable/ConfiguredTaskAwaiter AssemblyToProcess.Example/'<WithoutConfigureAwait>d__1'::'<>u__$awaiter0'
        IL_0058:  stloc.1
        IL_0059:  ldarg.0
        IL_005a:  ldflda     valuetype [mscorlib]System.Runtime.CompilerServices.ConfiguredTaskAwaitable/ConfiguredTaskAwaiter AssemblyToProcess.Example/'<WithoutConfigureAwait>d__1'::'<>u__$awaiter0'
        IL_005f:  initobj    [mscorlib]System.Runtime.CompilerServices.ConfiguredTaskAwaitable/ConfiguredTaskAwaiter
        IL_0065:  ldarg.0
        IL_0066:  ldc.i4.m1
        IL_0067:  dup
        IL_0068:  stloc.0
        IL_0069:  stfld      int32 AssemblyToProcess.Example/'<WithoutConfigureAwait>d__1'::'<>1__state'
        IL_006e:  ldloca.s   V_1
        IL_0070:  call       instance void [mscorlib]System.Runtime.CompilerServices.ConfiguredTaskAwaitable/ConfiguredTaskAwaiter::GetResult()
        IL_0075:  nop
        IL_0076:  ldloca.s   V_1
        IL_0078:  initobj    [mscorlib]System.Runtime.CompilerServices.ConfiguredTaskAwaitable/ConfiguredTaskAwaiter
        IL_007e:  leave.s    IL_009b
        .line 16707566,16707566 : 0,0 ''
      }  // end .try
      catch [mscorlib]System.Exception 
      {
        IL_0080:  stloc.s    V_4
        IL_0082:  nop
        IL_0083:  ldarg.0
        IL_0084:  ldc.i4.s   -2
        IL_0086:  stfld      int32 AssemblyToProcess.Example/'<WithoutConfigureAwait>d__1'::'<>1__state'
        IL_008b:  ldarg.0
        IL_008c:  ldflda     valuetype [mscorlib]System.Runtime.CompilerServices.AsyncTaskMethodBuilder AssemblyToProcess.Example/'<WithoutConfigureAwait>d__1'::'<>t__builder'
        IL_0091:  ldloc.s    V_4
        IL_0093:  call       instance void [mscorlib]System.Runtime.CompilerServices.AsyncTaskMethodBuilder::SetException(class [mscorlib]System.Exception)
        IL_0098:  nop
        IL_0099:  leave.s    IL_00af
        .line 14,14 : 9,10 ''
      }  // end handler
      IL_009b:  ldarg.0
      IL_009c:  ldc.i4.s   -2
      IL_009e:  stfld      int32 AssemblyToProcess.Example/'<WithoutConfigureAwait>d__1'::'<>1__state'
      .line 16707566,16707566 : 0,0 ''
      IL_00a3:  ldarg.0
      IL_00a4:  ldflda     valuetype [mscorlib]System.Runtime.CompilerServices.AsyncTaskMethodBuilder AssemblyToProcess.Example/'<WithoutConfigureAwait>d__1'::'<>t__builder'
      IL_00a9:  call       instance void [mscorlib]System.Runtime.CompilerServices.AsyncTaskMethodBuilder::SetResult()
      IL_00ae:  nop
      IL_00af:  ret
    } // end of method '<WithoutConfigureAwait>d__1'::MoveNext
    .method private hidebysig newslot virtual final 
            instance void  SetStateMachine(class [mscorlib]System.Runtime.CompilerServices.IAsyncStateMachine stateMachine) cil managed
    {
      .custom instance void [mscorlib]System.Diagnostics.DebuggerHiddenAttribute::.ctor() = ( 01 00 00 00 ) 
      .override [mscorlib]System.Runtime.CompilerServices.IAsyncStateMachine::SetStateMachine
      // Code size       1 (0x1)
      .maxstack  8
      IL_0000:  ret
    } // end of method '<WithoutConfigureAwait>d__1'::SetStateMachine
  } // end of class '<WithoutConfigureAwait>d__1'
  .class auto ansi sealed nested private beforefieldinit '<WithConfigureAwait>d__1'
         extends [mscorlib]System.Object
         implements [mscorlib]System.Runtime.CompilerServices.IAsyncStateMachine
  {
    .custom instance void [mscorlib]System.Runtime.CompilerServices.CompilerGeneratedAttribute::.ctor() = ( 01 00 00 00 ) 
    .field public int32 '<>1__state'
    .field public valuetype [mscorlib]System.Runtime.CompilerServices.AsyncTaskMethodBuilder '<>t__builder'
    .field public valuetype [mscorlib]System.Runtime.CompilerServices.ConfiguredTaskAwaitable/ConfiguredTaskAwaiter '<>u__$awaiter1'
    .method public hidebysig specialname rtspecialname 
            instance void  .ctor() cil managed
    {
      // Code size       8 (0x8)
      .maxstack  8
      IL_0000:  ldarg.0
      IL_0001:  call       instance void [mscorlib]System.Object::.ctor()
      IL_0006:  nop
      IL_0007:  ret
    } // end of method '<WithConfigureAwait>d__1'::.ctor
    .method private hidebysig newslot virtual final 
            instance void  MoveNext() cil managed
    {
      .override [mscorlib]System.Runtime.CompilerServices.IAsyncStateMachine::MoveNext
      // Code size       176 (0xb0)
      .maxstack  3
      .locals init ([0] int32 ,
               [1] valuetype [mscorlib]System.Runtime.CompilerServices.ConfiguredTaskAwaitable/ConfiguredTaskAwaiter V_1,
               [2] valuetype [mscorlib]System.Runtime.CompilerServices.ConfiguredTaskAwaitable V_2,
               [3] class AssemblyToProcess.Example/'<WithConfigureAwait>d__1' V_3,
               [4] class [mscorlib]System.Exception V_4)
      .line 16707566,16707566 : 0,0 ''
      IL_0000:  ldarg.0
      IL_0001:  ldfld      int32 AssemblyToProcess.Example/'<WithConfigureAwait>d__1'::'<>1__state'
      IL_0006:  stloc.0
      .line 16707566,16707566 : 0,0 ''
      .try
      {
        IL_0007:  ldloc.0
        IL_0008:  brfalse.s  IL_000c
        IL_000a:  br.s       IL_000e
        IL_000c:  br.s       IL_0052
        .line 17,17 : 9,10 ''
        IL_000e:  nop
        .line 18,18 : 13,56 ''
        IL_000f:  ldc.i4.s   10
        IL_0011:  call       class [mscorlib]System.Threading.Tasks.Task [mscorlib]System.Threading.Tasks.Task::Delay(int32)
        IL_0016:  ldc.i4.0
        IL_0017:  callvirt   instance valuetype [mscorlib]System.Runtime.CompilerServices.ConfiguredTaskAwaitable [mscorlib]System.Threading.Tasks.Task::ConfigureAwait(bool)
        IL_001c:  stloc.2
        IL_001d:  ldloca.s   V_2
        IL_001f:  call       instance valuetype [mscorlib]System.Runtime.CompilerServices.ConfiguredTaskAwaitable/ConfiguredTaskAwaiter [mscorlib]System.Runtime.CompilerServices.ConfiguredTaskAwaitable::GetAwaiter()
        IL_0024:  stloc.1
        IL_0025:  ldloca.s   V_1
        IL_0027:  call       instance bool [mscorlib]System.Runtime.CompilerServices.ConfiguredTaskAwaitable/ConfiguredTaskAwaiter::get_IsCompleted()
        IL_002c:  brtrue.s   IL_006e
        IL_002e:  ldarg.0
        IL_002f:  ldc.i4.0
        IL_0030:  dup
        IL_0031:  stloc.0
        IL_0032:  stfld      int32 AssemblyToProcess.Example/'<WithConfigureAwait>d__1'::'<>1__state'
        IL_0037:  ldarg.0
        IL_0038:  ldloc.1
        IL_0039:  stfld      valuetype [mscorlib]System.Runtime.CompilerServices.ConfiguredTaskAwaitable/ConfiguredTaskAwaiter AssemblyToProcess.Example/'<WithConfigureAwait>d__1'::'<>u__$awaiter1'
        IL_003e:  ldarg.0
        IL_003f:  stloc.3
        IL_0040:  ldarg.0
        IL_0041:  ldflda     valuetype [mscorlib]System.Runtime.CompilerServices.AsyncTaskMethodBuilder AssemblyToProcess.Example/'<WithConfigureAwait>d__1'::'<>t__builder'
        IL_0046:  ldloca.s   V_1
        IL_0048:  ldloca.s   V_3
        IL_004a:  call       instance void [mscorlib]System.Runtime.CompilerServices.AsyncTaskMethodBuilder::AwaitUnsafeOnCompleted<valuetype [mscorlib]System.Runtime.CompilerServices.ConfiguredTaskAwaitable/ConfiguredTaskAwaiter,class AssemblyToProcess.Example/'<WithConfigureAwait>d__1'>(!!0&,
                                                                                                                                                                                                                                                                                                  !!1&)
        IL_004f:  nop
        IL_0050:  leave.s    IL_00af
        IL_0052:  ldarg.0
        IL_0053:  ldfld      valuetype [mscorlib]System.Runtime.CompilerServices.ConfiguredTaskAwaitable/ConfiguredTaskAwaiter AssemblyToProcess.Example/'<WithConfigureAwait>d__1'::'<>u__$awaiter1'
        IL_0058:  stloc.1
        IL_0059:  ldarg.0
        IL_005a:  ldflda     valuetype [mscorlib]System.Runtime.CompilerServices.ConfiguredTaskAwaitable/ConfiguredTaskAwaiter AssemblyToProcess.Example/'<WithConfigureAwait>d__1'::'<>u__$awaiter1'
        IL_005f:  initobj    [mscorlib]System.Runtime.CompilerServices.ConfiguredTaskAwaitable/ConfiguredTaskAwaiter
        IL_0065:  ldarg.0
        IL_0066:  ldc.i4.m1
        IL_0067:  dup
        IL_0068:  stloc.0
        IL_0069:  stfld      int32 AssemblyToProcess.Example/'<WithConfigureAwait>d__1'::'<>1__state'
        IL_006e:  ldloca.s   V_1
        IL_0070:  call       instance void [mscorlib]System.Runtime.CompilerServices.ConfiguredTaskAwaitable/ConfiguredTaskAwaiter::GetResult()
        IL_0075:  nop
        IL_0076:  ldloca.s   V_1
        IL_0078:  initobj    [mscorlib]System.Runtime.CompilerServices.ConfiguredTaskAwaitable/ConfiguredTaskAwaiter
        IL_007e:  leave.s    IL_009b
        .line 16707566,16707566 : 0,0 ''
      }  // end .try
      catch [mscorlib]System.Exception 
      {
        IL_0080:  stloc.s    V_4
        IL_0082:  nop
        IL_0083:  ldarg.0
        IL_0084:  ldc.i4.s   -2
        IL_0086:  stfld      int32 AssemblyToProcess.Example/'<WithConfigureAwait>d__1'::'<>1__state'
        IL_008b:  ldarg.0
        IL_008c:  ldflda     valuetype [mscorlib]System.Runtime.CompilerServices.AsyncTaskMethodBuilder AssemblyToProcess.Example/'<WithConfigureAwait>d__1'::'<>t__builder'
        IL_0091:  ldloc.s    V_4
        IL_0093:  call       instance void [mscorlib]System.Runtime.CompilerServices.AsyncTaskMethodBuilder::SetException(class [mscorlib]System.Exception)
        IL_0098:  nop
        IL_0099:  leave.s    IL_00af
        .line 19,19 : 9,10 ''
      }  // end handler
      IL_009b:  ldarg.0
      IL_009c:  ldc.i4.s   -2
      IL_009e:  stfld      int32 AssemblyToProcess.Example/'<WithConfigureAwait>d__1'::'<>1__state'
      .line 16707566,16707566 : 0,0 ''
      IL_00a3:  ldarg.0
      IL_00a4:  ldflda     valuetype [mscorlib]System.Runtime.CompilerServices.AsyncTaskMethodBuilder AssemblyToProcess.Example/'<WithConfigureAwait>d__1'::'<>t__builder'
      IL_00a9:  call       instance void [mscorlib]System.Runtime.CompilerServices.AsyncTaskMethodBuilder::SetResult()
      IL_00ae:  nop
      IL_00af:  ret
    } // end of method '<WithConfigureAwait>d__1'::MoveNext
    .method private hidebysig newslot virtual final 
            instance void  SetStateMachine(class [mscorlib]System.Runtime.CompilerServices.IAsyncStateMachine stateMachine) cil managed
    {
      .custom instance void [mscorlib]System.Diagnostics.DebuggerHiddenAttribute::.ctor() = ( 01 00 00 00 ) 
      .override [mscorlib]System.Runtime.CompilerServices.IAsyncStateMachine::SetStateMachine
      // Code size       1 (0x1)
      .maxstack  8
      IL_0000:  ret
    } // end of method '<WithConfigureAwait>d__1'::SetStateMachine
  } // end of class '<WithConfigureAwait>d__1'
  .method public hidebysig instance class [mscorlib]System.Threading.Tasks.Task 
          WithoutConfigureAwait() cil managed
  {
    .custom instance void [mscorlib]System.Runtime.CompilerServices.AsyncStateMachineAttribute::.ctor(class [mscorlib]System.Type) = ( 01 00 35 41 73 73 65 6D 62 6C 79 54 6F 50 72 6F   // ..5AssemblyToPro
                                                                                                                                       63 65 73 73 2E 45 78 61 6D 70 6C 65 2B 3C 57 69   // cess.Example+<Wi
                                                                                                                                       74 68 6F 75 74 43 6F 6E 66 69 67 75 72 65 41 77   // thoutConfigureAw
                                                                                                                                       61 69 74 3E 64 5F 5F 31 00 00 )                   // ait>d__1..
    .custom instance void [mscorlib]System.Diagnostics.DebuggerStepThroughAttribute::.ctor() = ( 01 00 00 00 ) 
    // Code size       52 (0x34)
    .maxstack  2
    .locals init (class AssemblyToProcess.Example/'<WithoutConfigureAwait>d__1' V_0,
             valuetype [mscorlib]System.Runtime.CompilerServices.AsyncTaskMethodBuilder V_1)
    IL_0000:  newobj     instance void AssemblyToProcess.Example/'<WithoutConfigureAwait>d__1'::.ctor()
    IL_0005:  stloc.0
    IL_0006:  ldloc.0
    IL_0007:  call       valuetype [mscorlib]System.Runtime.CompilerServices.AsyncTaskMethodBuilder [mscorlib]System.Runtime.CompilerServices.AsyncTaskMethodBuilder::Create()
    IL_000c:  stfld      valuetype [mscorlib]System.Runtime.CompilerServices.AsyncTaskMethodBuilder AssemblyToProcess.Example/'<WithoutConfigureAwait>d__1'::'<>t__builder'
    IL_0011:  ldloc.0
    IL_0012:  ldc.i4.m1
    IL_0013:  stfld      int32 AssemblyToProcess.Example/'<WithoutConfigureAwait>d__1'::'<>1__state'
    IL_0018:  ldloc.0
    IL_0019:  ldfld      valuetype [mscorlib]System.Runtime.CompilerServices.AsyncTaskMethodBuilder AssemblyToProcess.Example/'<WithoutConfigureAwait>d__1'::'<>t__builder'
    IL_001e:  stloc.1
    IL_001f:  ldloca.s   V_1
    IL_0021:  ldloca.s   V_0
    IL_0023:  call       instance void [mscorlib]System.Runtime.CompilerServices.AsyncTaskMethodBuilder::Start<class AssemblyToProcess.Example/'<WithoutConfigureAwait>d__1'>(!!0&)
    IL_0028:  ldloc.0
    IL_0029:  ldflda     valuetype [mscorlib]System.Runtime.CompilerServices.AsyncTaskMethodBuilder AssemblyToProcess.Example/'<WithoutConfigureAwait>d__1'::'<>t__builder'
    IL_002e:  call       instance class [mscorlib]System.Threading.Tasks.Task [mscorlib]System.Runtime.CompilerServices.AsyncTaskMethodBuilder::get_Task()
    IL_0033:  ret
  } // end of method Example::WithoutConfigureAwait
  .method public hidebysig instance class [mscorlib]System.Threading.Tasks.Task 
          WithConfigureAwait() cil managed
  {
    .custom instance void [mscorlib]System.Runtime.CompilerServices.AsyncStateMachineAttribute::.ctor(class [mscorlib]System.Type) = ( 01 00 32 41 73 73 65 6D 62 6C 79 54 6F 50 72 6F   // ..2AssemblyToPro
                                                                                                                                       63 65 73 73 2E 45 78 61 6D 70 6C 65 2B 3C 57 69   // cess.Example+<Wi
                                                                                                                                       74 68 43 6F 6E 66 69 67 75 72 65 41 77 61 69 74   // thConfigureAwait
                                                                                                                                       3E 64 5F 5F 31 00 00 )                            // >d__1..
    .custom instance void [mscorlib]System.Diagnostics.DebuggerStepThroughAttribute::.ctor() = ( 01 00 00 00 ) 
    // Code size       52 (0x34)
    .maxstack  2
    .locals init (class AssemblyToProcess.Example/'<WithConfigureAwait>d__1' V_0,
             valuetype [mscorlib]System.Runtime.CompilerServices.AsyncTaskMethodBuilder V_1)
    IL_0000:  newobj     instance void AssemblyToProcess.Example/'<WithConfigureAwait>d__1'::.ctor()
    IL_0005:  stloc.0
    IL_0006:  ldloc.0
    IL_0007:  call       valuetype [mscorlib]System.Runtime.CompilerServices.AsyncTaskMethodBuilder [mscorlib]System.Runtime.CompilerServices.AsyncTaskMethodBuilder::Create()
    IL_000c:  stfld      valuetype [mscorlib]System.Runtime.CompilerServices.AsyncTaskMethodBuilder AssemblyToProcess.Example/'<WithConfigureAwait>d__1'::'<>t__builder'
    IL_0011:  ldloc.0
    IL_0012:  ldc.i4.m1
    IL_0013:  stfld      int32 AssemblyToProcess.Example/'<WithConfigureAwait>d__1'::'<>1__state'
    IL_0018:  ldloc.0
    IL_0019:  ldfld      valuetype [mscorlib]System.Runtime.CompilerServices.AsyncTaskMethodBuilder AssemblyToProcess.Example/'<WithConfigureAwait>d__1'::'<>t__builder'
    IL_001e:  stloc.1
    IL_001f:  ldloca.s   V_1
    IL_0021:  ldloca.s   V_0
    IL_0023:  call       instance void [mscorlib]System.Runtime.CompilerServices.AsyncTaskMethodBuilder::Start<class AssemblyToProcess.Example/'<WithConfigureAwait>d__1'>(!!0&)
    IL_0028:  ldloc.0
    IL_0029:  ldflda     valuetype [mscorlib]System.Runtime.CompilerServices.AsyncTaskMethodBuilder AssemblyToProcess.Example/'<WithConfigureAwait>d__1'::'<>t__builder'
    IL_002e:  call       instance class [mscorlib]System.Threading.Tasks.Task [mscorlib]System.Runtime.CompilerServices.AsyncTaskMethodBuilder::get_Task()
    IL_0033:  ret
  } // end of method Example::WithConfigureAwait
  .method public hidebysig specialname rtspecialname 
          instance void  .ctor() cil managed
  {
    // Code size       8 (0x8)
    .maxstack  8
    IL_0000:  ldarg.0
    IL_0001:  call       instance void [mscorlib]System.Object::.ctor()
    IL_0006:  nop
    IL_0007:  ret
  } // end of method Example::.ctor
} // end of class AssemblyToProcess.Example