.class private auto ansi beforefieldinit AssemblyToProcess.Issue1
       extends [mscorlib]System.Object
{
  .class auto ansi sealed nested private beforefieldinit '<WithReaderAndWriter>d__0'
         extends [mscorlib]System.ValueType
         implements [mscorlib]System.Runtime.CompilerServices.IAsyncStateMachine
  {
    .custom instance void [mscorlib]System.Runtime.CompilerServices.CompilerGeneratedAttribute::.ctor() = ( 01 00 00 00 ) 
    .field public int32 '<>1__state'
    .field public valuetype [mscorlib]System.Runtime.CompilerServices.AsyncTaskMethodBuilder '<>t__builder'
    .field public class [mscorlib]System.IO.TextWriter writer
    .field private string '<line>5__1'
    .field public class [mscorlib]System.IO.StreamReader reader
    .field private valuetype [mscorlib]System.Runtime.CompilerServices.ConfiguredTaskAwaitable/ConfiguredTaskAwaiter '<>u__1'
    .field private valuetype [mscorlib]System.Runtime.CompilerServices.ConfiguredTaskAwaitable`1/ConfiguredTaskAwaiter<string> '<>u__2'
    .method private hidebysig newslot virtual final 
            instance void  MoveNext() cil managed
    {
      .override [mscorlib]System.Runtime.CompilerServices.IAsyncStateMachine::MoveNext
      // Code size       317 (0x13d)
      .maxstack  3
      .locals init ([0] int32 ,
               [1] valuetype [mscorlib]System.Runtime.CompilerServices.ConfiguredTaskAwaitable/ConfiguredTaskAwaiter V_1,
               [2] valuetype [mscorlib]System.Runtime.CompilerServices.ConfiguredTaskAwaitable V_2,
               [3] string V_3,
               [4] valuetype [mscorlib]System.Runtime.CompilerServices.ConfiguredTaskAwaitable`1/ConfiguredTaskAwaiter<string> V_4,
               [5] valuetype [mscorlib]System.Runtime.CompilerServices.ConfiguredTaskAwaitable`1<string> V_5,
               [6] string V_6,
               [7] class [mscorlib]System.Exception V_7)
      .language '{3F5162F8-07C6-11D3-9053-00C04FA302A1}', '{994B45C4-E6E9-11D2-903F-00C04FA302A1}', '{5A869D0B-6611-11D3-BD2A-0000F80849BD}'
      .line 16707566,16707566 : 0,0 'src\\AssemblyToProcess\\Issue1.cs'
      IL_0000:  ldarg.0
      IL_0001:  ldfld      int32 AssemblyToProcess.Issue1/'<WithReaderAndWriter>d__0'::'<>1__state'
      IL_0006:  stloc.0
      .line 16707566,16707566 : 0,0 ''
      .try
      {
        IL_0007:  ldloc.0
        IL_0008:  brfalse.s  IL_005f
        IL_000a:  ldloc.0
        IL_000b:  ldc.i4.1
        IL_000c:  beq        IL_00d0
        IL_0011:  br.s       IL_008a
        .line 15,15 : 17,51 ''
        IL_0013:  ldarg.0
        IL_0014:  ldfld      class [mscorlib]System.IO.TextWriter AssemblyToProcess.Issue1/'<WithReaderAndWriter>d__0'::writer
        IL_0019:  ldarg.0
        IL_001a:  ldfld      string AssemblyToProcess.Issue1/'<WithReaderAndWriter>d__0'::'<line>5__1'
        IL_001f:  callvirt   instance class [mscorlib]System.Threading.Tasks.Task [mscorlib]System.IO.TextWriter::WriteLineAsync(string)
        IL_0024:  ldc.i4.0
        IL_0025:  callvirt   instance valuetype [mscorlib]System.Runtime.CompilerServices.ConfiguredTaskAwaitable [mscorlib]System.Threading.Tasks.Task::ConfigureAwait(bool)
        IL_002a:  stloc.2
        IL_002b:  ldloca.s   V_2
        IL_002d:  call       instance valuetype [mscorlib]System.Runtime.CompilerServices.ConfiguredTaskAwaitable/ConfiguredTaskAwaiter [mscorlib]System.Runtime.CompilerServices.ConfiguredTaskAwaitable::GetAwaiter()
        IL_0032:  stloc.1
        .line 16707566,16707566 : 0,0 ''
        IL_0033:  ldloca.s   V_1
        IL_0035:  call       instance bool [mscorlib]System.Runtime.CompilerServices.ConfiguredTaskAwaitable/ConfiguredTaskAwaiter::get_IsCompleted()
        IL_003a:  brtrue.s   IL_007b
        IL_003c:  ldarg.0
        IL_003d:  ldc.i4.0
        IL_003e:  dup
        IL_003f:  stloc.0
        IL_0040:  stfld      int32 AssemblyToProcess.Issue1/'<WithReaderAndWriter>d__0'::'<>1__state'
        IL_0045:  ldarg.0
        IL_0046:  ldloc.1
        IL_0047:  stfld      valuetype [mscorlib]System.Runtime.CompilerServices.ConfiguredTaskAwaitable/ConfiguredTaskAwaiter AssemblyToProcess.Issue1/'<WithReaderAndWriter>d__0'::'<>u__1'
        IL_004c:  ldarg.0
        IL_004d:  ldflda     valuetype [mscorlib]System.Runtime.CompilerServices.AsyncTaskMethodBuilder AssemblyToProcess.Issue1/'<WithReaderAndWriter>d__0'::'<>t__builder'
        IL_0052:  ldloca.s   V_1
        IL_0054:  ldarg.0
        IL_0055:  call       instance void [mscorlib]System.Runtime.CompilerServices.AsyncTaskMethodBuilder::AwaitUnsafeOnCompleted<valuetype [mscorlib]System.Runtime.CompilerServices.ConfiguredTaskAwaitable/ConfiguredTaskAwaiter,valuetype AssemblyToProcess.Issue1/'<WithReaderAndWriter>d__0'>(!!0&,
                                                                                                                                                                                                                                                                                                      !!1&)
        IL_005a:  leave      IL_013c
        IL_005f:  ldarg.0
        IL_0060:  ldfld      valuetype [mscorlib]System.Runtime.CompilerServices.ConfiguredTaskAwaitable/ConfiguredTaskAwaiter AssemblyToProcess.Issue1/'<WithReaderAndWriter>d__0'::'<>u__1'
        IL_0065:  stloc.1
        IL_0066:  ldarg.0
        IL_0067:  ldflda     valuetype [mscorlib]System.Runtime.CompilerServices.ConfiguredTaskAwaitable/ConfiguredTaskAwaiter AssemblyToProcess.Issue1/'<WithReaderAndWriter>d__0'::'<>u__1'
        IL_006c:  initobj    [mscorlib]System.Runtime.CompilerServices.ConfiguredTaskAwaitable/ConfiguredTaskAwaiter
        IL_0072:  ldarg.0
        IL_0073:  ldc.i4.m1
        IL_0074:  dup
        IL_0075:  stloc.0
        IL_0076:  stfld      int32 AssemblyToProcess.Issue1/'<WithReaderAndWriter>d__0'::'<>1__state'
        IL_007b:  ldloca.s   V_1
        IL_007d:  call       instance void [mscorlib]System.Runtime.CompilerServices.ConfiguredTaskAwaitable/ConfiguredTaskAwaiter::GetResult()
        IL_0082:  ldloca.s   V_1
        IL_0084:  initobj    [mscorlib]System.Runtime.CompilerServices.ConfiguredTaskAwaitable/ConfiguredTaskAwaiter
        .line 13,13 : 13,66 ''
        IL_008a:  ldarg.0
        IL_008b:  ldfld      class [mscorlib]System.IO.StreamReader AssemblyToProcess.Issue1/'<WithReaderAndWriter>d__0'::reader
        IL_0090:  callvirt   instance class [mscorlib]System.Threading.Tasks.Task`1<string> [mscorlib]System.IO.TextReader::ReadLineAsync()
        IL_0095:  ldc.i4.0
        IL_0096:  callvirt   instance valuetype [mscorlib]System.Runtime.CompilerServices.ConfiguredTaskAwaitable`1<!0> class [mscorlib]System.Threading.Tasks.Task`1<string>::ConfigureAwait(bool)
        IL_009b:  stloc.s    V_5
        IL_009d:  ldloca.s   V_5
        IL_009f:  call       instance valuetype [mscorlib]System.Runtime.CompilerServices.ConfiguredTaskAwaitable`1/ConfiguredTaskAwaiter<!0> valuetype [mscorlib]System.Runtime.CompilerServices.ConfiguredTaskAwaitable`1<string>::GetAwaiter()
        IL_00a4:  stloc.s    V_4
        .line 16707566,16707566 : 0,0 ''
        IL_00a6:  ldloca.s   V_4
        IL_00a8:  call       instance bool valuetype [mscorlib]System.Runtime.CompilerServices.ConfiguredTaskAwaitable`1/ConfiguredTaskAwaiter<string>::get_IsCompleted()
        IL_00ad:  brtrue.s   IL_00ed
        IL_00af:  ldarg.0
        IL_00b0:  ldc.i4.1
        IL_00b1:  dup
        IL_00b2:  stloc.0
        IL_00b3:  stfld      int32 AssemblyToProcess.Issue1/'<WithReaderAndWriter>d__0'::'<>1__state'
        IL_00b8:  ldarg.0
        IL_00b9:  ldloc.s    V_4
        IL_00bb:  stfld      valuetype [mscorlib]System.Runtime.CompilerServices.ConfiguredTaskAwaitable`1/ConfiguredTaskAwaiter<string> AssemblyToProcess.Issue1/'<WithReaderAndWriter>d__0'::'<>u__2'
        IL_00c0:  ldarg.0
        IL_00c1:  ldflda     valuetype [mscorlib]System.Runtime.CompilerServices.AsyncTaskMethodBuilder AssemblyToProcess.Issue1/'<WithReaderAndWriter>d__0'::'<>t__builder'
        IL_00c6:  ldloca.s   V_4
        IL_00c8:  ldarg.0
        IL_00c9:  call       instance void [mscorlib]System.Runtime.CompilerServices.AsyncTaskMethodBuilder::AwaitUnsafeOnCompleted<valuetype [mscorlib]System.Runtime.CompilerServices.ConfiguredTaskAwaitable`1/ConfiguredTaskAwaiter<string>,valuetype AssemblyToProcess.Issue1/'<WithReaderAndWriter>d__0'>(!!0&,
                                                                                                                                                                                                                                                                                                                !!1&)
        IL_00ce:  leave.s    IL_013c
        IL_00d0:  ldarg.0
        IL_00d1:  ldfld      valuetype [mscorlib]System.Runtime.CompilerServices.ConfiguredTaskAwaitable`1/ConfiguredTaskAwaiter<string> AssemblyToProcess.Issue1/'<WithReaderAndWriter>d__0'::'<>u__2'
        IL_00d6:  stloc.s    V_4
        IL_00d8:  ldarg.0
        IL_00d9:  ldflda     valuetype [mscorlib]System.Runtime.CompilerServices.ConfiguredTaskAwaitable`1/ConfiguredTaskAwaiter<string> AssemblyToProcess.Issue1/'<WithReaderAndWriter>d__0'::'<>u__2'
        IL_00de:  initobj    valuetype [mscorlib]System.Runtime.CompilerServices.ConfiguredTaskAwaitable`1/ConfiguredTaskAwaiter<string>
        IL_00e4:  ldarg.0
        IL_00e5:  ldc.i4.m1
        IL_00e6:  dup
        IL_00e7:  stloc.0
        IL_00e8:  stfld      int32 AssemblyToProcess.Issue1/'<WithReaderAndWriter>d__0'::'<>1__state'
        IL_00ed:  ldloca.s   V_4
        IL_00ef:  call       instance !0 valuetype [mscorlib]System.Runtime.CompilerServices.ConfiguredTaskAwaitable`1/ConfiguredTaskAwaiter<string>::GetResult()
        IL_00f4:  ldloca.s   V_4
        IL_00f6:  initobj    valuetype [mscorlib]System.Runtime.CompilerServices.ConfiguredTaskAwaitable`1/ConfiguredTaskAwaiter<string>
        IL_00fc:  stloc.3
        IL_00fd:  ldarg.0
        IL_00fe:  ldloc.3
        IL_00ff:  dup
        IL_0100:  stloc.s    V_6
        IL_0102:  stfld      string AssemblyToProcess.Issue1/'<WithReaderAndWriter>d__0'::'<line>5__1'
        IL_0107:  ldloc.s    V_6
        IL_0109:  brtrue     IL_0013
        IL_010e:  leave.s    IL_0129
        .line 16707566,16707566 : 0,0 ''
      }  // end .try
      catch [mscorlib]System.Exception 
      {
        IL_0110:  stloc.s    V_7
        IL_0112:  ldarg.0
        IL_0113:  ldc.i4.s   -2
        IL_0115:  stfld      int32 AssemblyToProcess.Issue1/'<WithReaderAndWriter>d__0'::'<>1__state'
        IL_011a:  ldarg.0
        IL_011b:  ldflda     valuetype [mscorlib]System.Runtime.CompilerServices.AsyncTaskMethodBuilder AssemblyToProcess.Issue1/'<WithReaderAndWriter>d__0'::'<>t__builder'
        IL_0120:  ldloc.s    V_7
        IL_0122:  call       instance void [mscorlib]System.Runtime.CompilerServices.AsyncTaskMethodBuilder::SetException(class [mscorlib]System.Exception)
        IL_0127:  leave.s    IL_013c
        .line 17,17 : 9,10 ''
      }  // end handler
      IL_0129:  ldarg.0
      IL_012a:  ldc.i4.s   -2
      IL_012c:  stfld      int32 AssemblyToProcess.Issue1/'<WithReaderAndWriter>d__0'::'<>1__state'
      .line 16707566,16707566 : 0,0 ''
      IL_0131:  ldarg.0
      IL_0132:  ldflda     valuetype [mscorlib]System.Runtime.CompilerServices.AsyncTaskMethodBuilder AssemblyToProcess.Issue1/'<WithReaderAndWriter>d__0'::'<>t__builder'
      IL_0137:  call       instance void [mscorlib]System.Runtime.CompilerServices.AsyncTaskMethodBuilder::SetResult()
      IL_013c:  ret
    } // end of method '<WithReaderAndWriter>d__0'::MoveNext
    .method private hidebysig newslot virtual final 
            instance void  SetStateMachine(class [mscorlib]System.Runtime.CompilerServices.IAsyncStateMachine stateMachine) cil managed
    {
      .custom instance void [mscorlib]System.Diagnostics.DebuggerHiddenAttribute::.ctor() = ( 01 00 00 00 ) 
      .override [mscorlib]System.Runtime.CompilerServices.IAsyncStateMachine::SetStateMachine
      // Code size       13 (0xd)
      .maxstack  8
      IL_0000:  ldarg.0
      IL_0001:  ldflda     valuetype [mscorlib]System.Runtime.CompilerServices.AsyncTaskMethodBuilder AssemblyToProcess.Issue1/'<WithReaderAndWriter>d__0'::'<>t__builder'
      IL_0006:  ldarg.1
      IL_0007:  call       instance void [mscorlib]System.Runtime.CompilerServices.AsyncTaskMethodBuilder::SetStateMachine(class [mscorlib]System.Runtime.CompilerServices.IAsyncStateMachine)
      IL_000c:  ret
    } // end of method '<WithReaderAndWriter>d__0'::SetStateMachine
  } // end of class '<WithReaderAndWriter>d__0'
  .method private hidebysig instance class [mscorlib]System.Threading.Tasks.Task 
          WithReaderAndWriter(class [mscorlib]System.IO.TextWriter writer,
                              class [mscorlib]System.IO.StreamReader reader) cil managed
  {
    .custom instance void [mscorlib]System.Runtime.CompilerServices.AsyncStateMachineAttribute::.ctor(class [mscorlib]System.Type) = ( 01 00 32 41 73 73 65 6D 62 6C 79 54 6F 50 72 6F   // ..2AssemblyToPro
                                                                                                                                       63 65 73 73 2E 49 73 73 75 65 31 2B 3C 57 69 74   // cess.Issue1+<Wit
                                                                                                                                       68 52 65 61 64 65 72 41 6E 64 57 72 69 74 65 72   // hReaderAndWriter
                                                                                                                                       3E 64 5F 5F 30 00 00 )                            // >d__0..
    // Code size       65 (0x41)
    .maxstack  2
    .locals init (valuetype AssemblyToProcess.Issue1/'<WithReaderAndWriter>d__0' V_0,
             valuetype [mscorlib]System.Runtime.CompilerServices.AsyncTaskMethodBuilder V_1)
    IL_0000:  ldloca.s   V_0
    IL_0002:  ldarg.1
    IL_0003:  stfld      class [mscorlib]System.IO.TextWriter AssemblyToProcess.Issue1/'<WithReaderAndWriter>d__0'::writer
    IL_0008:  ldloca.s   V_0
    IL_000a:  ldarg.2
    IL_000b:  stfld      class [mscorlib]System.IO.StreamReader AssemblyToProcess.Issue1/'<WithReaderAndWriter>d__0'::reader
    IL_0010:  ldloca.s   V_0
    IL_0012:  call       valuetype [mscorlib]System.Runtime.CompilerServices.AsyncTaskMethodBuilder [mscorlib]System.Runtime.CompilerServices.AsyncTaskMethodBuilder::Create()
    IL_0017:  stfld      valuetype [mscorlib]System.Runtime.CompilerServices.AsyncTaskMethodBuilder AssemblyToProcess.Issue1/'<WithReaderAndWriter>d__0'::'<>t__builder'
    IL_001c:  ldloca.s   V_0
    IL_001e:  ldc.i4.m1
    IL_001f:  stfld      int32 AssemblyToProcess.Issue1/'<WithReaderAndWriter>d__0'::'<>1__state'
    IL_0024:  ldloc.0
    IL_0025:  ldfld      valuetype [mscorlib]System.Runtime.CompilerServices.AsyncTaskMethodBuilder AssemblyToProcess.Issue1/'<WithReaderAndWriter>d__0'::'<>t__builder'
    IL_002a:  stloc.1
    IL_002b:  ldloca.s   V_1
    IL_002d:  ldloca.s   V_0
    IL_002f:  call       instance void [mscorlib]System.Runtime.CompilerServices.AsyncTaskMethodBuilder::Start<valuetype AssemblyToProcess.Issue1/'<WithReaderAndWriter>d__0'>(!!0&)
    IL_0034:  ldloca.s   V_0
    IL_0036:  ldflda     valuetype [mscorlib]System.Runtime.CompilerServices.AsyncTaskMethodBuilder AssemblyToProcess.Issue1/'<WithReaderAndWriter>d__0'::'<>t__builder'
    IL_003b:  call       instance class [mscorlib]System.Threading.Tasks.Task [mscorlib]System.Runtime.CompilerServices.AsyncTaskMethodBuilder::get_Task()
    IL_0040:  ret
  } // end of method Issue1::WithReaderAndWriter
  .method public hidebysig specialname rtspecialname 
          instance void  .ctor() cil managed
  {
    // Code size       7 (0x7)
    .maxstack  8
    IL_0000:  ldarg.0
    IL_0001:  call       instance void [mscorlib]System.Object::.ctor()
    IL_0006:  ret
  } // end of method Issue1::.ctor
} // end of class AssemblyToProcess.Issue1