.class private auto ansi sealed beforefieldinit AssemblyToProcess.GenericMethod
       extends [mscorlib]System.Object
{
  .class auto ansi sealed nested private beforefieldinit '<Method>d__0`1'<TItem>
         extends [mscorlib]System.Object
         implements [mscorlib]System.Runtime.CompilerServices.IAsyncStateMachine
  {
    .custom instance void [mscorlib]System.Runtime.CompilerServices.CompilerGeneratedAttribute::.ctor() = ( 01 00 00 00 ) 
    .field public int32 '<>1__state'
    .field public valuetype [mscorlib]System.Runtime.CompilerServices.AsyncTaskMethodBuilder '<>t__builder'
    .field public class [mscorlib]System.Threading.Tasks.Task`1<!TItem> itemTask
    .field public class AssemblyToProcess.GenericMethod '<>4__this'
    .field private !TItem '<item>5__1'
    .field private !TItem '<>s__2'
    .field private valuetype [mscorlib]System.Runtime.CompilerServices.ConfiguredTaskAwaitable`1/ConfiguredTaskAwaiter<!TItem> '<>u__1'
    .method public hidebysig specialname rtspecialname 
            instance void  .ctor() cil managed
    {
      // Code size       8 (0x8)
      .maxstack  8
      IL_0000:  ldarg.0
      IL_0001:  call       instance void [mscorlib]System.Object::.ctor()
      IL_0006:  nop
      IL_0007:  ret
    } // end of method '<Method>d__0`1'::.ctor
    .method private hidebysig newslot virtual final 
            instance void  MoveNext() cil managed
    {
      .override [mscorlib]System.Runtime.CompilerServices.IAsyncStateMachine::MoveNext
      // Code size       209 (0xd1)
      .maxstack  3
      .locals init ([0] int32 ,
               [1] valuetype [mscorlib]System.Runtime.CompilerServices.ConfiguredTaskAwaitable`1/ConfiguredTaskAwaiter<!TItem> V_1,
               [2] valuetype [mscorlib]System.Runtime.CompilerServices.ConfiguredTaskAwaitable`1<!TItem> V_2,
               [3] !TItem V_3,
               [4] class AssemblyToProcess.GenericMethod/'<Method>d__0`1'<!TItem> V_4,
               [5] class [mscorlib]System.Exception V_5)
      .language '{3F5162F8-07C6-11D3-9053-00C04FA302A1}', '{994B45C4-E6E9-11D2-903F-00C04FA302A1}', '{5A869D0B-6611-11D3-BD2A-0000F80849BD}'
      .line 16707566,16707566 : 0,0 'AssemblyToProcess\\GenericIssue.cs'
      IL_0000:  ldarg.0
      IL_0001:  ldfld      int32 class AssemblyToProcess.GenericMethod/'<Method>d__0`1'<!TItem>::'<>1__state'
      IL_0006:  stloc.0
      .line 16707566,16707566 : 0,0 ''
      .try
      {
        IL_0007:  ldloc.0
        IL_0008:  brfalse.s  IL_000c
        IL_000a:  br.s       IL_000e
        IL_000c:  br.s       IL_0055
        .line 19,19 : 9,10 ''
        IL_000e:  nop
        .line 20,20 : 13,39 ''
        IL_000f:  ldarg.0
        IL_0010:  ldfld      class [mscorlib]System.Threading.Tasks.Task`1<!0> class AssemblyToProcess.GenericMethod/'<Method>d__0`1'<!TItem>::itemTask
        IL_0015:  ldc.i4.0
        IL_0016:  callvirt   instance valuetype [mscorlib]System.Runtime.CompilerServices.ConfiguredTaskAwaitable`1<!0> class [mscorlib]System.Threading.Tasks.Task`1<!TItem>::ConfigureAwait(bool)
        IL_001b:  stloc.2
        IL_001c:  ldloca.s   V_2
        IL_001e:  call       instance valuetype [mscorlib]System.Runtime.CompilerServices.ConfiguredTaskAwaitable`1/ConfiguredTaskAwaiter<!0> valuetype [mscorlib]System.Runtime.CompilerServices.ConfiguredTaskAwaitable`1<!TItem>::GetAwaiter()
        IL_0023:  stloc.1
        .line 16707566,16707566 : 0,0 ''
        IL_0024:  ldloca.s   V_1
        IL_0026:  call       instance bool valuetype [mscorlib]System.Runtime.CompilerServices.ConfiguredTaskAwaitable`1/ConfiguredTaskAwaiter<!TItem>::get_IsCompleted()
        IL_002b:  brtrue.s   IL_0071
        IL_002d:  ldarg.0
        IL_002e:  ldc.i4.0
        IL_002f:  dup
        IL_0030:  stloc.0
        IL_0031:  stfld      int32 class AssemblyToProcess.GenericMethod/'<Method>d__0`1'<!TItem>::'<>1__state'
        IL_0036:  ldarg.0
        IL_0037:  ldloc.1
        IL_0038:  stfld      valuetype [mscorlib]System.Runtime.CompilerServices.ConfiguredTaskAwaitable`1/ConfiguredTaskAwaiter<!0> class AssemblyToProcess.GenericMethod/'<Method>d__0`1'<!TItem>::'<>u__1'
        IL_003d:  ldarg.0
        IL_003e:  stloc.s    V_4
        IL_0040:  ldarg.0
        IL_0041:  ldflda     valuetype [mscorlib]System.Runtime.CompilerServices.AsyncTaskMethodBuilder class AssemblyToProcess.GenericMethod/'<Method>d__0`1'<!TItem>::'<>t__builder'
        IL_0046:  ldloca.s   V_1
        IL_0048:  ldloca.s   V_4
        IL_004a:  call       instance void [mscorlib]System.Runtime.CompilerServices.AsyncTaskMethodBuilder::AwaitUnsafeOnCompleted<valuetype [mscorlib]System.Runtime.CompilerServices.ConfiguredTaskAwaitable`1/ConfiguredTaskAwaiter<!TItem>,class AssemblyToProcess.GenericMethod/'<Method>d__0`1'<!TItem>>(!!0&,
                                                                                                                                                                                                                                                                                                                !!1&)
        IL_004f:  nop
        IL_0050:  leave      IL_00d0
        IL_0055:  ldarg.0
        IL_0056:  ldfld      valuetype [mscorlib]System.Runtime.CompilerServices.ConfiguredTaskAwaitable`1/ConfiguredTaskAwaiter<!0> class AssemblyToProcess.GenericMethod/'<Method>d__0`1'<!TItem>::'<>u__1'
        IL_005b:  stloc.1
        IL_005c:  ldarg.0
        IL_005d:  ldflda     valuetype [mscorlib]System.Runtime.CompilerServices.ConfiguredTaskAwaitable`1/ConfiguredTaskAwaiter<!0> class AssemblyToProcess.GenericMethod/'<Method>d__0`1'<!TItem>::'<>u__1'
        IL_0062:  initobj    valuetype [mscorlib]System.Runtime.CompilerServices.ConfiguredTaskAwaitable`1/ConfiguredTaskAwaiter<!TItem>
        IL_0068:  ldarg.0
        IL_0069:  ldc.i4.m1
        IL_006a:  dup
        IL_006b:  stloc.0
        IL_006c:  stfld      int32 class AssemblyToProcess.GenericMethod/'<Method>d__0`1'<!TItem>::'<>1__state'
        IL_0071:  ldloca.s   V_1
        IL_0073:  call       instance !0 valuetype [mscorlib]System.Runtime.CompilerServices.ConfiguredTaskAwaitable`1/ConfiguredTaskAwaiter<!TItem>::GetResult()
        IL_0078:  stloc.3
        IL_0079:  ldloca.s   V_1
        IL_007b:  initobj    valuetype [mscorlib]System.Runtime.CompilerServices.ConfiguredTaskAwaitable`1/ConfiguredTaskAwaiter<!TItem>
        IL_0081:  ldarg.0
        IL_0082:  ldloc.3
        IL_0083:  stfld      !0 class AssemblyToProcess.GenericMethod/'<Method>d__0`1'<!TItem>::'<>s__2'
        IL_0088:  ldarg.0
        IL_0089:  ldarg.0
        IL_008a:  ldfld      !0 class AssemblyToProcess.GenericMethod/'<Method>d__0`1'<!TItem>::'<>s__2'
        IL_008f:  stfld      !0 class AssemblyToProcess.GenericMethod/'<Method>d__0`1'<!TItem>::'<item>5__1'
        IL_0094:  ldarg.0
        IL_0095:  ldflda     !0 class AssemblyToProcess.GenericMethod/'<Method>d__0`1'<!TItem>::'<>s__2'
        IL_009a:  initobj    !TItem
        IL_00a0:  leave.s    IL_00bc
        .line 16707566,16707566 : 0,0 ''
      }  // end .try
      catch [mscorlib]System.Exception 
      {
        IL_00a2:  stloc.s    V_5
        IL_00a4:  ldarg.0
        IL_00a5:  ldc.i4.s   -2
        IL_00a7:  stfld      int32 class AssemblyToProcess.GenericMethod/'<Method>d__0`1'<!TItem>::'<>1__state'
        IL_00ac:  ldarg.0
        IL_00ad:  ldflda     valuetype [mscorlib]System.Runtime.CompilerServices.AsyncTaskMethodBuilder class AssemblyToProcess.GenericMethod/'<Method>d__0`1'<!TItem>::'<>t__builder'
        IL_00b2:  ldloc.s    V_5
        IL_00b4:  call       instance void [mscorlib]System.Runtime.CompilerServices.AsyncTaskMethodBuilder::SetException(class [mscorlib]System.Exception)
        IL_00b9:  nop
        IL_00ba:  leave.s    IL_00d0
        .line 21,21 : 9,10 ''
      }  // end handler
      IL_00bc:  ldarg.0
      IL_00bd:  ldc.i4.s   -2
      IL_00bf:  stfld      int32 class AssemblyToProcess.GenericMethod/'<Method>d__0`1'<!TItem>::'<>1__state'
      .line 16707566,16707566 : 0,0 ''
      IL_00c4:  ldarg.0
      IL_00c5:  ldflda     valuetype [mscorlib]System.Runtime.CompilerServices.AsyncTaskMethodBuilder class AssemblyToProcess.GenericMethod/'<Method>d__0`1'<!TItem>::'<>t__builder'
      IL_00ca:  call       instance void [mscorlib]System.Runtime.CompilerServices.AsyncTaskMethodBuilder::SetResult()
      IL_00cf:  nop
      IL_00d0:  ret
    } // end of method '<Method>d__0`1'::MoveNext
    .method private hidebysig newslot virtual final 
            instance void  SetStateMachine(class [mscorlib]System.Runtime.CompilerServices.IAsyncStateMachine stateMachine) cil managed
    {
      .custom instance void [mscorlib]System.Diagnostics.DebuggerHiddenAttribute::.ctor() = ( 01 00 00 00 ) 
      .override [mscorlib]System.Runtime.CompilerServices.IAsyncStateMachine::SetStateMachine
      // Code size       1 (0x1)
      .maxstack  8
      IL_0000:  ret
    } // end of method '<Method>d__0`1'::SetStateMachine
  } // end of class '<Method>d__0`1'
  .method public hidebysig instance class [mscorlib]System.Threading.Tasks.Task 
          Method<TItem>(class [mscorlib]System.Threading.Tasks.Task`1<!!TItem> itemTask) cil managed
  {
    .custom instance void [mscorlib]System.Diagnostics.DebuggerStepThroughAttribute::.ctor() = ( 01 00 00 00 ) 
    .custom instance void [mscorlib]System.Runtime.CompilerServices.AsyncStateMachineAttribute::.ctor(class [mscorlib]System.Type) = ( 01 00 2E 41 73 73 65 6D 62 6C 79 54 6F 50 72 6F   // ...AssemblyToPro
                                                                                                                                       63 65 73 73 2E 47 65 6E 65 72 69 63 4D 65 74 68   // cess.GenericMeth
                                                                                                                                       6F 64 2B 3C 4D 65 74 68 6F 64 3E 64 5F 5F 30 60   // od+<Method>d__0`
                                                                                                                                       31 00 00 )                                        // 1..
    // Code size       66 (0x42)
    .maxstack  2
    .locals init (class AssemblyToProcess.GenericMethod/'<Method>d__0`1'<!!TItem> V_0,
             valuetype [mscorlib]System.Runtime.CompilerServices.AsyncTaskMethodBuilder V_1)
    IL_0000:  newobj     instance void class AssemblyToProcess.GenericMethod/'<Method>d__0`1'<!!TItem>::.ctor()
    IL_0005:  stloc.0
    IL_0006:  ldloc.0
    IL_0007:  ldarg.0
    IL_0008:  stfld      class AssemblyToProcess.GenericMethod class AssemblyToProcess.GenericMethod/'<Method>d__0`1'<!!TItem>::'<>4__this'
    IL_000d:  ldloc.0
    IL_000e:  ldarg.1
    IL_000f:  stfld      class [mscorlib]System.Threading.Tasks.Task`1<!0> class AssemblyToProcess.GenericMethod/'<Method>d__0`1'<!!TItem>::itemTask
    IL_0014:  ldloc.0
    IL_0015:  call       valuetype [mscorlib]System.Runtime.CompilerServices.AsyncTaskMethodBuilder [mscorlib]System.Runtime.CompilerServices.AsyncTaskMethodBuilder::Create()
    IL_001a:  stfld      valuetype [mscorlib]System.Runtime.CompilerServices.AsyncTaskMethodBuilder class AssemblyToProcess.GenericMethod/'<Method>d__0`1'<!!TItem>::'<>t__builder'
    IL_001f:  ldloc.0
    IL_0020:  ldc.i4.m1
    IL_0021:  stfld      int32 class AssemblyToProcess.GenericMethod/'<Method>d__0`1'<!!TItem>::'<>1__state'
    IL_0026:  ldloc.0
    IL_0027:  ldfld      valuetype [mscorlib]System.Runtime.CompilerServices.AsyncTaskMethodBuilder class AssemblyToProcess.GenericMethod/'<Method>d__0`1'<!!TItem>::'<>t__builder'
    IL_002c:  stloc.1
    IL_002d:  ldloca.s   V_1
    IL_002f:  ldloca.s   V_0
    IL_0031:  call       instance void [mscorlib]System.Runtime.CompilerServices.AsyncTaskMethodBuilder::Start<class AssemblyToProcess.GenericMethod/'<Method>d__0`1'<!!0>>(!!0&)
    IL_0036:  ldloc.0
    IL_0037:  ldflda     valuetype [mscorlib]System.Runtime.CompilerServices.AsyncTaskMethodBuilder class AssemblyToProcess.GenericMethod/'<Method>d__0`1'<!!TItem>::'<>t__builder'
    IL_003c:  call       instance class [mscorlib]System.Threading.Tasks.Task [mscorlib]System.Runtime.CompilerServices.AsyncTaskMethodBuilder::get_Task()
    IL_0041:  ret
  } // end of method GenericMethod::Method
  .method public hidebysig specialname rtspecialname 
          instance void  .ctor() cil managed
  {
    // Code size       8 (0x8)
    .maxstack  8
    IL_0000:  ldarg.0
    IL_0001:  call       instance void [mscorlib]System.Object::.ctor()
    IL_0006:  nop
    IL_0007:  ret
  } // end of method GenericMethod::.ctor
} // end of class AssemblyToProcess.GenericMethod