.class private auto ansi sealed beforefieldinit AssemblyToProcess.GenericClass`1<TItem>
       extends [mscorlib]System.Object
{
  .class auto ansi sealed nested private beforefieldinit '<Method>d__0'<TItem>
         extends [mscorlib]System.ValueType
         implements [mscorlib]System.Runtime.CompilerServices.IAsyncStateMachine
  {
    .custom instance void [mscorlib]System.Runtime.CompilerServices.CompilerGeneratedAttribute::.ctor() = ( 01 00 00 00 ) 
    .field public int32 '<>1__state'
    .field public valuetype [mscorlib]System.Runtime.CompilerServices.AsyncTaskMethodBuilder '<>t__builder'
    .field public class [mscorlib]System.Threading.Tasks.Task`1<!TItem> itemTask
    .field private valuetype [mscorlib]System.Runtime.CompilerServices.ConfiguredTaskAwaitable`1/ConfiguredTaskAwaiter<!TItem> '<>u__1'
    .method private hidebysig newslot virtual final 
            instance void  MoveNext() cil managed
    {
      .override [mscorlib]System.Runtime.CompilerServices.IAsyncStateMachine::MoveNext
      // Code size       161 (0xa1)
      .maxstack  3
      .locals init ([0] int32 ,
               [1] valuetype [mscorlib]System.Runtime.CompilerServices.ConfiguredTaskAwaitable`1/ConfiguredTaskAwaiter<!TItem> V_1,
               [2] valuetype [mscorlib]System.Runtime.CompilerServices.ConfiguredTaskAwaitable`1<!TItem> V_2,
               [3] class [mscorlib]System.Exception V_3)
      .language '{3F5162F8-07C6-11D3-9053-00C04FA302A1}', '{994B45C4-E6E9-11D2-903F-00C04FA302A1}', '{5A869D0B-6611-11D3-BD2A-0000F80849BD}'
      .line 16707566,16707566 : 0,0 'AssemblyToProcess\\GenericIssue.cs'
      IL_0000:  ldarg.0
      IL_0001:  ldfld      int32 valuetype AssemblyToProcess.GenericClass`1/'<Method>d__0'<!TItem>::'<>1__state'
      IL_0006:  stloc.0
      .line 16707566,16707566 : 0,0 ''
      .try
      {
        IL_0007:  ldloc.0
        IL_0008:  brfalse.s  IL_0048
        .line 11,11 : 13,39 ''
        IL_000a:  ldarg.0
        IL_000b:  ldfld      class [mscorlib]System.Threading.Tasks.Task`1<!0> valuetype AssemblyToProcess.GenericClass`1/'<Method>d__0'<!TItem>::itemTask
        IL_0010:  ldc.i4.0
        IL_0011:  callvirt   instance valuetype [mscorlib]System.Runtime.CompilerServices.ConfiguredTaskAwaitable`1<!0> class [mscorlib]System.Threading.Tasks.Task`1<!TItem>::ConfigureAwait(bool)
        IL_0016:  stloc.2
        IL_0017:  ldloca.s   V_2
        IL_0019:  call       instance valuetype [mscorlib]System.Runtime.CompilerServices.ConfiguredTaskAwaitable`1/ConfiguredTaskAwaiter<!0> valuetype [mscorlib]System.Runtime.CompilerServices.ConfiguredTaskAwaitable`1<!TItem>::GetAwaiter()
        IL_001e:  stloc.1
        .line 16707566,16707566 : 0,0 ''
        IL_001f:  ldloca.s   V_1
        IL_0021:  call       instance bool valuetype [mscorlib]System.Runtime.CompilerServices.ConfiguredTaskAwaitable`1/ConfiguredTaskAwaiter<!TItem>::get_IsCompleted()
        IL_0026:  brtrue.s   IL_0064
        IL_0028:  ldarg.0
        IL_0029:  ldc.i4.0
        IL_002a:  dup
        IL_002b:  stloc.0
        IL_002c:  stfld      int32 valuetype AssemblyToProcess.GenericClass`1/'<Method>d__0'<!TItem>::'<>1__state'
        IL_0031:  ldarg.0
        IL_0032:  ldloc.1
        IL_0033:  stfld      valuetype [mscorlib]System.Runtime.CompilerServices.ConfiguredTaskAwaitable`1/ConfiguredTaskAwaiter<!0> valuetype AssemblyToProcess.GenericClass`1/'<Method>d__0'<!TItem>::'<>u__1'
        IL_0038:  ldarg.0
        IL_0039:  ldflda     valuetype [mscorlib]System.Runtime.CompilerServices.AsyncTaskMethodBuilder valuetype AssemblyToProcess.GenericClass`1/'<Method>d__0'<!TItem>::'<>t__builder'
        IL_003e:  ldloca.s   V_1
        IL_0040:  ldarg.0
        IL_0041:  call       instance void [mscorlib]System.Runtime.CompilerServices.AsyncTaskMethodBuilder::AwaitUnsafeOnCompleted<valuetype [mscorlib]System.Runtime.CompilerServices.ConfiguredTaskAwaitable`1/ConfiguredTaskAwaiter<!TItem>,valuetype AssemblyToProcess.GenericClass`1/'<Method>d__0'<!TItem>>(!!0&,
                                                                                                                                                                                                                                                                                                                   !!1&)
        IL_0046:  leave.s    IL_00a0
        IL_0048:  ldarg.0
        IL_0049:  ldfld      valuetype [mscorlib]System.Runtime.CompilerServices.ConfiguredTaskAwaitable`1/ConfiguredTaskAwaiter<!0> valuetype AssemblyToProcess.GenericClass`1/'<Method>d__0'<!TItem>::'<>u__1'
        IL_004e:  stloc.1
        IL_004f:  ldarg.0
        IL_0050:  ldflda     valuetype [mscorlib]System.Runtime.CompilerServices.ConfiguredTaskAwaitable`1/ConfiguredTaskAwaiter<!0> valuetype AssemblyToProcess.GenericClass`1/'<Method>d__0'<!TItem>::'<>u__1'
        IL_0055:  initobj    valuetype [mscorlib]System.Runtime.CompilerServices.ConfiguredTaskAwaitable`1/ConfiguredTaskAwaiter<!TItem>
        IL_005b:  ldarg.0
        IL_005c:  ldc.i4.m1
        IL_005d:  dup
        IL_005e:  stloc.0
        IL_005f:  stfld      int32 valuetype AssemblyToProcess.GenericClass`1/'<Method>d__0'<!TItem>::'<>1__state'
        IL_0064:  ldloca.s   V_1
        IL_0066:  call       instance !0 valuetype [mscorlib]System.Runtime.CompilerServices.ConfiguredTaskAwaitable`1/ConfiguredTaskAwaiter<!TItem>::GetResult()
        IL_006b:  ldloca.s   V_1
        IL_006d:  initobj    valuetype [mscorlib]System.Runtime.CompilerServices.ConfiguredTaskAwaitable`1/ConfiguredTaskAwaiter<!TItem>
        IL_0073:  pop
        IL_0074:  leave.s    IL_008d
        .line 16707566,16707566 : 0,0 ''
      }  // end .try
      catch [mscorlib]System.Exception 
      {
        IL_0076:  stloc.3
        IL_0077:  ldarg.0
        IL_0078:  ldc.i4.s   -2
        IL_007a:  stfld      int32 valuetype AssemblyToProcess.GenericClass`1/'<Method>d__0'<!TItem>::'<>1__state'
        IL_007f:  ldarg.0
        IL_0080:  ldflda     valuetype [mscorlib]System.Runtime.CompilerServices.AsyncTaskMethodBuilder valuetype AssemblyToProcess.GenericClass`1/'<Method>d__0'<!TItem>::'<>t__builder'
        IL_0085:  ldloc.3
        IL_0086:  call       instance void [mscorlib]System.Runtime.CompilerServices.AsyncTaskMethodBuilder::SetException(class [mscorlib]System.Exception)
        IL_008b:  leave.s    IL_00a0
        .line 12,12 : 9,10 ''
      }  // end handler
      IL_008d:  ldarg.0
      IL_008e:  ldc.i4.s   -2
      IL_0090:  stfld      int32 valuetype AssemblyToProcess.GenericClass`1/'<Method>d__0'<!TItem>::'<>1__state'
      .line 16707566,16707566 : 0,0 ''
      IL_0095:  ldarg.0
      IL_0096:  ldflda     valuetype [mscorlib]System.Runtime.CompilerServices.AsyncTaskMethodBuilder valuetype AssemblyToProcess.GenericClass`1/'<Method>d__0'<!TItem>::'<>t__builder'
      IL_009b:  call       instance void [mscorlib]System.Runtime.CompilerServices.AsyncTaskMethodBuilder::SetResult()
      IL_00a0:  ret
    } // end of method '<Method>d__0'::MoveNext
    .method private hidebysig newslot virtual final 
            instance void  SetStateMachine(class [mscorlib]System.Runtime.CompilerServices.IAsyncStateMachine stateMachine) cil managed
    {
      .custom instance void [mscorlib]System.Diagnostics.DebuggerHiddenAttribute::.ctor() = ( 01 00 00 00 ) 
      .override [mscorlib]System.Runtime.CompilerServices.IAsyncStateMachine::SetStateMachine
      // Code size       13 (0xd)
      .maxstack  8
      IL_0000:  ldarg.0
      IL_0001:  ldflda     valuetype [mscorlib]System.Runtime.CompilerServices.AsyncTaskMethodBuilder valuetype AssemblyToProcess.GenericClass`1/'<Method>d__0'<!TItem>::'<>t__builder'
      IL_0006:  ldarg.1
      IL_0007:  call       instance void [mscorlib]System.Runtime.CompilerServices.AsyncTaskMethodBuilder::SetStateMachine(class [mscorlib]System.Runtime.CompilerServices.IAsyncStateMachine)
      IL_000c:  ret
    } // end of method '<Method>d__0'::SetStateMachine
  } // end of class '<Method>d__0'
  .method public hidebysig instance class [mscorlib]System.Threading.Tasks.Task 
          Method(class [mscorlib]System.Threading.Tasks.Task`1<!TItem> itemTask) cil managed
  {
    .custom instance void [mscorlib]System.Runtime.CompilerServices.AsyncStateMachineAttribute::.ctor(class [mscorlib]System.Type) = ( 01 00 2D 41 73 73 65 6D 62 6C 79 54 6F 50 72 6F   // ..-AssemblyToPro
                                                                                                                                       63 65 73 73 2E 47 65 6E 65 72 69 63 43 6C 61 73   // cess.GenericClas
                                                                                                                                       73 60 31 2B 3C 4D 65 74 68 6F 64 3E 64 5F 5F 30   // s`1+<Method>d__0
                                                                                                                                       00 00 ) 
    // Code size       57 (0x39)
    .maxstack  2
    .locals init (valuetype AssemblyToProcess.GenericClass`1/'<Method>d__0'<!TItem> V_0,
             valuetype [mscorlib]System.Runtime.CompilerServices.AsyncTaskMethodBuilder V_1)
    IL_0000:  ldloca.s   V_0
    IL_0002:  ldarg.1
    IL_0003:  stfld      class [mscorlib]System.Threading.Tasks.Task`1<!0> valuetype AssemblyToProcess.GenericClass`1/'<Method>d__0'<!TItem>::itemTask
    IL_0008:  ldloca.s   V_0
    IL_000a:  call       valuetype [mscorlib]System.Runtime.CompilerServices.AsyncTaskMethodBuilder [mscorlib]System.Runtime.CompilerServices.AsyncTaskMethodBuilder::Create()
    IL_000f:  stfld      valuetype [mscorlib]System.Runtime.CompilerServices.AsyncTaskMethodBuilder valuetype AssemblyToProcess.GenericClass`1/'<Method>d__0'<!TItem>::'<>t__builder'
    IL_0014:  ldloca.s   V_0
    IL_0016:  ldc.i4.m1
    IL_0017:  stfld      int32 valuetype AssemblyToProcess.GenericClass`1/'<Method>d__0'<!TItem>::'<>1__state'
    IL_001c:  ldloc.0
    IL_001d:  ldfld      valuetype [mscorlib]System.Runtime.CompilerServices.AsyncTaskMethodBuilder valuetype AssemblyToProcess.GenericClass`1/'<Method>d__0'<!TItem>::'<>t__builder'
    IL_0022:  stloc.1
    IL_0023:  ldloca.s   V_1
    IL_0025:  ldloca.s   V_0
    IL_0027:  call       instance void [mscorlib]System.Runtime.CompilerServices.AsyncTaskMethodBuilder::Start<valuetype AssemblyToProcess.GenericClass`1/'<Method>d__0'<!TItem>>(!!0&)
    IL_002c:  ldloca.s   V_0
    IL_002e:  ldflda     valuetype [mscorlib]System.Runtime.CompilerServices.AsyncTaskMethodBuilder valuetype AssemblyToProcess.GenericClass`1/'<Method>d__0'<!TItem>::'<>t__builder'
    IL_0033:  call       instance class [mscorlib]System.Threading.Tasks.Task [mscorlib]System.Runtime.CompilerServices.AsyncTaskMethodBuilder::get_Task()
    IL_0038:  ret
  } // end of method GenericClass`1::Method
  .method public hidebysig specialname rtspecialname 
          instance void  .ctor() cil managed
  {
    // Code size       7 (0x7)
    .maxstack  8
    IL_0000:  ldarg.0
    IL_0001:  call       instance void [mscorlib]System.Object::.ctor()
    IL_0006:  ret
  } // end of method GenericClass`1::.ctor
} // end of class AssemblyToProcess.GenericClass`1